// Vitest Snapshot v1, https://vitest.dev/guide/snapshot.html

exports[`snapshot > 2x2x2 box produces stable face output 1`] = `
[
  {
    "depth": 1.73,
    "points": [
      [
        61.21,
        21.21,
      ],
      [
        61.21,
        61.21,
      ],
      [
        21.21,
        61.21,
      ],
      [
        21.21,
        21.21,
      ],
    ],
    "type": "back",
    "vx": 0,
    "vy": 0,
    "vz": 1,
  },
  {
    "depth": 1.47,
    "points": [
      [
        61.21,
        61.21,
      ],
      [
        61.21,
        101.21,
      ],
      [
        21.21,
        101.21,
      ],
      [
        21.21,
        61.21,
      ],
    ],
    "type": "back",
    "vx": 0,
    "vy": 1,
    "vz": 1,
  },
  {
    "depth": 1.47,
    "points": [
      [
        101.21,
        21.21,
      ],
      [
        101.21,
        61.21,
      ],
      [
        61.21,
        61.21,
      ],
      [
        61.21,
        21.21,
      ],
    ],
    "type": "back",
    "vx": 1,
    "vy": 0,
    "vz": 1,
  },
  {
    "depth": 1.2,
    "points": [
      [
        101.21,
        61.21,
      ],
      [
        101.21,
        101.21,
      ],
      [
        61.21,
        101.21,
      ],
      [
        61.21,
        61.21,
      ],
    ],
    "type": "back",
    "vx": 1,
    "vy": 1,
    "vz": 1,
  },
  {
    "depth": 0.84,
    "points": [
      [
        21.21,
        101.21,
      ],
      [
        61.21,
        101.21,
      ],
      [
        50.61,
        90.61,
      ],
      [
        10.61,
        90.61,
      ],
    ],
    "type": "bottom",
    "vx": 0,
    "vy": 1,
    "vz": 1,
  },
  {
    "depth": 0.84,
    "points": [
      [
        90.61,
        10.61,
      ],
      [
        101.21,
        21.21,
      ],
      [
        101.21,
        61.21,
      ],
      [
        90.61,
        50.61,
      ],
    ],
    "type": "right",
    "vx": 1,
    "vy": 0,
    "vz": 1,
  },
  {
    "depth": 0.57,
    "points": [
      [
        61.21,
        101.21,
      ],
      [
        101.21,
        101.21,
      ],
      [
        90.61,
        90.61,
      ],
      [
        50.61,
        90.61,
      ],
    ],
    "type": "bottom",
    "vx": 1,
    "vy": 1,
    "vz": 1,
  },
  {
    "depth": 0.57,
    "points": [
      [
        90.61,
        50.61,
      ],
      [
        101.21,
        61.21,
      ],
      [
        101.21,
        101.21,
      ],
      [
        90.61,
        90.61,
      ],
    ],
    "type": "right",
    "vx": 1,
    "vy": 1,
    "vz": 1,
  },
  {
    "depth": -0.16,
    "points": [
      [
        10.61,
        90.61,
      ],
      [
        50.61,
        90.61,
      ],
      [
        40,
        80,
      ],
      [
        0,
        80,
      ],
    ],
    "type": "bottom",
    "vx": 0,
    "vy": 1,
    "vz": 0,
  },
  {
    "depth": -0.16,
    "points": [
      [
        80,
        0,
      ],
      [
        90.61,
        10.61,
      ],
      [
        90.61,
        50.61,
      ],
      [
        80,
        40,
      ],
    ],
    "type": "right",
    "vx": 1,
    "vy": 0,
    "vz": 0,
  },
  {
    "depth": -0.27,
    "points": [
      [
        0,
        0,
      ],
      [
        0,
        40,
      ],
      [
        40,
        40,
      ],
      [
        40,
        0,
      ],
    ],
    "type": "front",
    "vx": 0,
    "vy": 0,
    "vz": 0,
  },
  {
    "depth": -0.43,
    "points": [
      [
        50.61,
        90.61,
      ],
      [
        90.61,
        90.61,
      ],
      [
        80,
        80,
      ],
      [
        40,
        80,
      ],
    ],
    "type": "bottom",
    "vx": 1,
    "vy": 1,
    "vz": 0,
  },
  {
    "depth": -0.43,
    "points": [
      [
        80,
        40,
      ],
      [
        90.61,
        50.61,
      ],
      [
        90.61,
        90.61,
      ],
      [
        80,
        80,
      ],
    ],
    "type": "right",
    "vx": 1,
    "vy": 1,
    "vz": 0,
  },
  {
    "depth": -0.53,
    "points": [
      [
        40,
        0,
      ],
      [
        40,
        40,
      ],
      [
        80,
        40,
      ],
      [
        80,
        0,
      ],
    ],
    "type": "front",
    "vx": 1,
    "vy": 0,
    "vz": 0,
  },
  {
    "depth": -0.53,
    "points": [
      [
        0,
        40,
      ],
      [
        0,
        80,
      ],
      [
        40,
        80,
      ],
      [
        40,
        40,
      ],
    ],
    "type": "front",
    "vx": 0,
    "vy": 1,
    "vz": 0,
  },
  {
    "depth": -0.8,
    "points": [
      [
        40,
        40,
      ],
      [
        40,
        80,
      ],
      [
        80,
        80,
      ],
      [
        80,
        40,
      ],
    ],
    "type": "front",
    "vx": 1,
    "vy": 1,
    "vz": 0,
  },
]
`;
